Component: ARM Compiler 5.05 update 1 (build 106) Tool: armlink [4d0efa]

==============================================================================

Section Cross References

    lcd_dis24.o(i.LCD_Init) refers to stm32f10x_gpio.o(i.GPIO_ResetBits) for GPIO_ResetBits
    lcd_dis24.o(i.LCD_Init) refers to main.o(i.Delay) for Delay
    lcd_dis24.o(i.LCD_Init) refers to stm32f10x_gpio.o(i.GPIO_SetBits) for GPIO_SetBits
    lcd_dis24.o(i.LCD_Init) refers to lcd_dis24.o(i.LCD_WR_CMD) for LCD_WR_CMD
    lcd_dis24.o(i.LCD_Init) refers to lcd_dis24.o(.data) for .data
    lcd_dis24.o(i.LCD_RD_data) refers to lcd_dis24.o(i.lcd_BGR2RGB) for lcd_BGR2RGB
    lcd_dis24.o(i.LCD_test) refers to lcd_dis24.o(i.lcd_DrawPicture) for lcd_DrawPicture
    lcd_dis24.o(i.LCD_test) refers to main.o(i.Delay) for Delay
    lcd_dis24.o(i.LCD_test) refers to lcd_dis24.o(i.lcd_wr_zf) for lcd_wr_zf
    lcd_dis24.o(i.LCD_test) refers to lcd_dis24.o(i.num_pub) for num_pub
    lcd_dis24.o(i.LCD_test) refers to pic.o(.constdata) for a1
    lcd_dis24.o(i.LCD_test) refers to pic.o(.constdata) for a2
    lcd_dis24.o(i.LCD_test) refers to pic.o(.constdata) for zf3
    lcd_dis24.o(i.LCD_test) refers to lcd_dis24.o(.data) for .data
    lcd_dis24.o(i.lcd_DrawPicture) refers to lcd_dis24.o(i.LCD_WR_CMD) for LCD_WR_CMD
    lcd_dis24.o(i.lcd_wr_zf) refers to lcd_dis24.o(i.LCD_WR_CMD) for LCD_WR_CMD
    lcd_dis24.o(i.lcd_wr_zf) refers to lcd_dis24.o(i.LCD_RD_data) for LCD_RD_data
    lcd_dis24.o(i.num_pub) refers to pic.o(.constdata) for zm1
    lcd_dis24.o(i.num_pub) refers to pic.o(.constdata) for zm2
    lcd_dis24.o(i.num_pub) refers to pic.o(.constdata) for zm3
    lcd_dis24.o(i.num_pub) refers to pic.o(.constdata) for zm4
    lcd_dis24.o(i.num_pub) refers to pic.o(.constdata) for zm5
    lcd_dis24.o(i.num_pub) refers to pic.o(.constdata) for zm6
    lcd_dis24.o(i.num_pub) refers to pic.o(.constdata) for zm7
    lcd_dis24.o(i.num_pub) refers to pic.o(.constdata) for zm8
    lcd_dis24.o(i.num_pub) refers to pic.o(.constdata) for zm9
    lcd_dis24.o(i.num_pub) refers to pic.o(.constdata) for zm0
    main.o(i.FSMC_LCD_Init) refers to stm32f10x_rcc.o(i.RCC_AHBPeriphClockCmd) for RCC_AHBPeriphClockCmd
    main.o(i.FSMC_LCD_Init) refers to stm32f10x_rcc.o(i.RCC_APB2PeriphClockCmd) for RCC_APB2PeriphClockCmd
    main.o(i.FSMC_LCD_Init) refers to stm32f10x_gpio.o(i.GPIO_Init) for GPIO_Init
    main.o(i.FSMC_LCD_Init) refers to stm32f10x_gpio.o(i.GPIO_SetBits) for GPIO_SetBits
    main.o(i.FSMC_LCD_Init) refers to stm32f10x_fsmc.o(i.FSMC_NORSRAMInit) for FSMC_NORSRAMInit
    main.o(i.FSMC_LCD_Init) refers to stm32f10x_fsmc.o(i.FSMC_NORSRAMCmd) for FSMC_NORSRAMCmd
    main.o(i.RCC_Configuration) refers to system_stm32f10x.o(i.SystemInit) for SystemInit
    main.o(i.lcd_rst) refers to stm32f10x_gpio.o(i.GPIO_ResetBits) for GPIO_ResetBits
    main.o(i.lcd_rst) refers to main.o(i.Delay) for Delay
    main.o(i.lcd_rst) refers to stm32f10x_gpio.o(i.GPIO_SetBits) for GPIO_SetBits
    main.o(i.main) refers to system_stm32f10x.o(i.SystemInit) for SystemInit
    main.o(i.main) refers to main.o(i.FSMC_LCD_Init) for FSMC_LCD_Init
    main.o(i.main) refers to lcd_dis24.o(i.LCD_Init) for LCD_Init
    main.o(i.main) refers to lcd_dis24.o(i.LCD_test) for LCD_test
    stm32f10x_gpio.o(i.GPIO_AFIODeInit) refers to stm32f10x_rcc.o(i.RCC_APB2PeriphResetCmd) for RCC_APB2PeriphResetCmd
    stm32f10x_gpio.o(i.GPIO_DeInit) refers to stm32f10x_rcc.o(i.RCC_APB2PeriphResetCmd) for RCC_APB2PeriphResetCmd
    stm32f10x_rcc.o(i.RCC_GetClocksFreq) refers to stm32f10x_rcc.o(.data) for .data
    stm32f10x_rcc.o(i.RCC_WaitForHSEStartUp) refers to stm32f10x_rcc.o(i.RCC_GetFlagStatus) for RCC_GetFlagStatus
    startup_stm32f10x_hd.o(RESET) refers to startup_stm32f10x_hd.o(.text) for Reset_Handler
    startup_stm32f10x_hd.o(.text) refers to startup_stm32f10x_hd.o(STACK) for __initial_sp
    startup_stm32f10x_hd.o(.text) refers to entry.o(.ARM.Collect$$$$00000000) for __main
    system_stm32f10x.o(i.SystemCoreClockUpdate) refers to system_stm32f10x.o(.data) for .data
    system_stm32f10x.o(i.SystemInit) refers to system_stm32f10x.o(i.SetSysClockTo72) for SetSysClockTo72
    entry.o(.ARM.Collect$$$$00000000) refers (Special) to entry10a.o(.ARM.Collect$$$$0000000D) for __rt_final_cpp
    entry.o(.ARM.Collect$$$$00000000) refers (Special) to entry11a.o(.ARM.Collect$$$$0000000F) for __rt_final_exit
    entry.o(.ARM.Collect$$$$00000000) refers (Special) to entry7b.o(.ARM.Collect$$$$00000008) for _main_clock
    entry.o(.ARM.Collect$$$$00000000) refers (Special) to entry8b.o(.ARM.Collect$$$$0000000A) for _main_cpp_init
    entry.o(.ARM.Collect$$$$00000000) refers (Special) to entry9a.o(.ARM.Collect$$$$0000000B) for _main_init
    entry.o(.ARM.Collect$$$$00000000) refers (Special) to entry5.o(.ARM.Collect$$$$00000004) for _main_scatterload
    entry.o(.ARM.Collect$$$$00000000) refers (Special) to entry2.o(.ARM.Collect$$$$00000001) for _main_stk
    entry2.o(.ARM.Collect$$$$00000001) refers to entry2.o(.ARM.Collect$$$$00002712) for __lit__00000000
    entry2.o(.ARM.Collect$$$$00002712) refers to startup_stm32f10x_hd.o(STACK) for __initial_sp
    entry2.o(__vectab_stack_and_reset_area) refers to startup_stm32f10x_hd.o(STACK) for __initial_sp
    entry2.o(__vectab_stack_and_reset_area) refers to entry.o(.ARM.Collect$$$$00000000) for __main
    entry5.o(.ARM.Collect$$$$00000004) refers to init.o(.text) for __scatterload
    entry9a.o(.ARM.Collect$$$$0000000B) refers to main.o(i.main) for main
    entry9b.o(.ARM.Collect$$$$0000000C) refers to main.o(i.main) for main
    init.o(.text) refers to entry5.o(.ARM.Collect$$$$00000004) for __main_after_scatterload


==============================================================================

Removing Unused input sections from the image.

    Removing lcd_dis24.o(i.LCD_WR_Data), (12 bytes).
    Removing lcd_dis24.o(i.LCD_WR_REG), (8 bytes).
    Removing main.o(i.RCC_Configuration), (4 bytes).
    Removing main.o(i.lcd_rst), (48 bytes).
    Removing stm32f10x_fsmc.o(i.FSMC_ClearFlag), (38 bytes).
    Removing stm32f10x_fsmc.o(i.FSMC_ClearITPendingBit), (44 bytes).
    Removing stm32f10x_fsmc.o(i.FSMC_GetECC), (18 bytes).
    Removing stm32f10x_fsmc.o(i.FSMC_GetFlagStatus), (40 bytes).
    Removing stm32f10x_fsmc.o(i.FSMC_GetITStatus), (48 bytes).
    Removing stm32f10x_fsmc.o(i.FSMC_ITConfig), (72 bytes).
    Removing stm32f10x_fsmc.o(i.FSMC_NANDCmd), (56 bytes).
    Removing stm32f10x_fsmc.o(i.FSMC_NANDDeInit), (40 bytes).
    Removing stm32f10x_fsmc.o(i.FSMC_NANDECCCmd), (56 bytes).
    Removing stm32f10x_fsmc.o(i.FSMC_NANDInit), (104 bytes).
    Removing stm32f10x_fsmc.o(i.FSMC_NANDStructInit), (54 bytes).
    Removing stm32f10x_fsmc.o(i.FSMC_NORSRAMDeInit), (40 bytes).
    Removing stm32f10x_fsmc.o(i.FSMC_NORSRAMStructInit), (96 bytes).
    Removing stm32f10x_fsmc.o(i.FSMC_PCCARDCmd), (32 bytes).
    Removing stm32f10x_fsmc.o(i.FSMC_PCCARDDeInit), (26 bytes).
    Removing stm32f10x_fsmc.o(i.FSMC_PCCARDInit), (102 bytes).
    Removing stm32f10x_fsmc.o(i.FSMC_PCCARDStructInit), (60 bytes).
    Removing stm32f10x_gpio.o(i.GPIO_AFIODeInit), (22 bytes).
    Removing stm32f10x_gpio.o(i.GPIO_DeInit), (180 bytes).
    Removing stm32f10x_gpio.o(i.GPIO_ETH_MediaInterfaceConfig), (12 bytes).
    Removing stm32f10x_gpio.o(i.GPIO_EXTILineConfig), (40 bytes).
    Removing stm32f10x_gpio.o(i.GPIO_EventOutputCmd), (12 bytes).
    Removing stm32f10x_gpio.o(i.GPIO_EventOutputConfig), (28 bytes).
    Removing stm32f10x_gpio.o(i.GPIO_PinLockConfig), (16 bytes).
    Removing stm32f10x_gpio.o(i.GPIO_PinRemapConfig), (88 bytes).
    Removing stm32f10x_gpio.o(i.GPIO_ReadInputData), (6 bytes).
    Removing stm32f10x_gpio.o(i.GPIO_ReadInputDataBit), (14 bytes).
    Removing stm32f10x_gpio.o(i.GPIO_ReadOutputData), (6 bytes).
    Removing stm32f10x_gpio.o(i.GPIO_ReadOutputDataBit), (14 bytes).
    Removing stm32f10x_gpio.o(i.GPIO_StructInit), (16 bytes).
    Removing stm32f10x_gpio.o(i.GPIO_Write), (4 bytes).
    Removing stm32f10x_gpio.o(i.GPIO_WriteBit), (10 bytes).
    Removing stm32f10x_rcc.o(i.RCC_ADCCLKConfig), (20 bytes).
    Removing stm32f10x_rcc.o(i.RCC_APB1PeriphClockCmd), (24 bytes).
    Removing stm32f10x_rcc.o(i.RCC_APB1PeriphResetCmd), (24 bytes).
    Removing stm32f10x_rcc.o(i.RCC_APB2PeriphResetCmd), (24 bytes).
    Removing stm32f10x_rcc.o(i.RCC_AdjustHSICalibrationValue), (20 bytes).
    Removing stm32f10x_rcc.o(i.RCC_BackupResetCmd), (12 bytes).
    Removing stm32f10x_rcc.o(i.RCC_ClearFlag), (16 bytes).
    Removing stm32f10x_rcc.o(i.RCC_ClearITPendingBit), (12 bytes).
    Removing stm32f10x_rcc.o(i.RCC_ClockSecuritySystemCmd), (12 bytes).
    Removing stm32f10x_rcc.o(i.RCC_DeInit), (64 bytes).
    Removing stm32f10x_rcc.o(i.RCC_GetClocksFreq), (144 bytes).
    Removing stm32f10x_rcc.o(i.RCC_GetFlagStatus), (48 bytes).
    Removing stm32f10x_rcc.o(i.RCC_GetITStatus), (20 bytes).
    Removing stm32f10x_rcc.o(i.RCC_GetSYSCLKSource), (16 bytes).
    Removing stm32f10x_rcc.o(i.RCC_HCLKConfig), (20 bytes).
    Removing stm32f10x_rcc.o(i.RCC_HSEConfig), (52 bytes).
    Removing stm32f10x_rcc.o(i.RCC_HSICmd), (12 bytes).
    Removing stm32f10x_rcc.o(i.RCC_ITConfig), (24 bytes).
    Removing stm32f10x_rcc.o(i.RCC_LSEConfig), (32 bytes).
    Removing stm32f10x_rcc.o(i.RCC_LSICmd), (12 bytes).
    Removing stm32f10x_rcc.o(i.RCC_MCOConfig), (12 bytes).
    Removing stm32f10x_rcc.o(i.RCC_PCLK1Config), (20 bytes).
    Removing stm32f10x_rcc.o(i.RCC_PCLK2Config), (20 bytes).
    Removing stm32f10x_rcc.o(i.RCC_PLLCmd), (12 bytes).
    Removing stm32f10x_rcc.o(i.RCC_PLLConfig), (20 bytes).
    Removing stm32f10x_rcc.o(i.RCC_RTCCLKCmd), (12 bytes).
    Removing stm32f10x_rcc.o(i.RCC_RTCCLKConfig), (16 bytes).
    Removing stm32f10x_rcc.o(i.RCC_SYSCLKConfig), (20 bytes).
    Removing stm32f10x_rcc.o(i.RCC_USBCLKConfig), (12 bytes).
    Removing stm32f10x_rcc.o(i.RCC_WaitForHSEStartUp), (44 bytes).
    Removing stm32f10x_rcc.o(.data), (20 bytes).
    Removing startup_stm32f10x_hd.o(HEAP), (0 bytes).
    Removing core_cm3.o(.emb_text), (32 bytes).
    Removing system_stm32f10x.o(i.SystemCoreClockUpdate), (100 bytes).
    Removing system_stm32f10x.o(.data), (20 bytes).

71 unused section(s) (total 2434 bytes) removed from the image.

==============================================================================

Image Symbol Table

    Local Symbols

    Symbol Name                              Value     Ov Type        Size  Object(Section)

    ../clib/microlib/init/entry.s            0x00000000   Number         0  entry10a.o ABSOLUTE
    ../clib/microlib/init/entry.s            0x00000000   Number         0  entry11b.o ABSOLUTE
    ../clib/microlib/init/entry.s            0x00000000   Number         0  entry2.o ABSOLUTE
    ../clib/microlib/init/entry.s            0x00000000   Number         0  entry11a.o ABSOLUTE
    ../clib/microlib/init/entry.s            0x00000000   Number         0  entry5.o ABSOLUTE
    ../clib/microlib/init/entry.s            0x00000000   Number         0  entry9b.o ABSOLUTE
    ../clib/microlib/init/entry.s            0x00000000   Number         0  entry9a.o ABSOLUTE
    ../clib/microlib/init/entry.s            0x00000000   Number         0  entry.o ABSOLUTE
    ../clib/microlib/init/entry.s            0x00000000   Number         0  entry8b.o ABSOLUTE
    ../clib/microlib/init/entry.s            0x00000000   Number         0  entry8a.o ABSOLUTE
    ../clib/microlib/init/entry.s            0x00000000   Number         0  entry10b.o ABSOLUTE
    ../clib/microlib/init/entry.s            0x00000000   Number         0  entry7b.o ABSOLUTE
    ../clib/microlib/init/entry.s            0x00000000   Number         0  entry7a.o ABSOLUTE
    CM3\\core_cm3.c                          0x00000000   Number         0  core_cm3.o ABSOLUTE
    CM3\core_cm3.c                           0x00000000   Number         0  core_cm3.o ABSOLUTE
    CM3\system_stm32f10x.c                   0x00000000   Number         0  system_stm32f10x.o ABSOLUTE
    FWlib\SRC\stm32f10x_fsmc.c               0x00000000   Number         0  stm32f10x_fsmc.o ABSOLUTE
    FWlib\SRC\stm32f10x_gpio.c               0x00000000   Number         0  stm32f10x_gpio.o ABSOLUTE
    FWlib\SRC\stm32f10x_rcc.c                0x00000000   Number         0  stm32f10x_rcc.o ABSOLUTE
    dc.s                                     0x00000000   Number         0  dc.o ABSOLUTE
    handlers.s                               0x00000000   Number         0  handlers.o ABSOLUTE
    init.s                                   0x00000000   Number         0  init.o ABSOLUTE
    startup\startup_stm32f10x_hd.s           0x00000000   Number         0  startup_stm32f10x_hd.o ABSOLUTE
    user\lcd_dis24.c                         0x00000000   Number         0  lcd_dis24.o ABSOLUTE
    user\main.c                              0x00000000   Number         0  main.o ABSOLUTE
    user\pic.c                               0x00000000   Number         0  pic.o ABSOLUTE
    RESET                                    0x08000000   Section      304  startup_stm32f10x_hd.o(RESET)
    .ARM.Collect$$$$00000000                 0x08000130   Section        0  entry.o(.ARM.Collect$$$$00000000)
    .ARM.Collect$$$$00000001                 0x08000130   Section        4  entry2.o(.ARM.Collect$$$$00000001)
    .ARM.Collect$$$$00000004                 0x08000134   Section        4  entry5.o(.ARM.Collect$$$$00000004)
    .ARM.Collect$$$$00000008                 0x08000138   Section        0  entry7b.o(.ARM.Collect$$$$00000008)
    .ARM.Collect$$$$0000000A                 0x08000138   Section        0  entry8b.o(.ARM.Collect$$$$0000000A)
    .ARM.Collect$$$$0000000B                 0x08000138   Section        8  entry9a.o(.ARM.Collect$$$$0000000B)
    .ARM.Collect$$$$0000000D                 0x08000140   Section        0  entry10a.o(.ARM.Collect$$$$0000000D)
    .ARM.Collect$$$$0000000F                 0x08000140   Section        0  entry11a.o(.ARM.Collect$$$$0000000F)
    .ARM.Collect$$$$00002712                 0x08000140   Section        4  entry2.o(.ARM.Collect$$$$00002712)
    __lit__00000000                          0x08000140   Data           4  entry2.o(.ARM.Collect$$$$00002712)
    .text                                    0x08000144   Section       48  startup_stm32f10x_hd.o(.text)
    .text                                    0x08000174   Section       36  init.o(.text)
    i.Delay                                  0x08000198   Section        0  main.o(i.Delay)
    i.FSMC_LCD_Init                          0x080001a8   Section        0  main.o(i.FSMC_LCD_Init)
    i.FSMC_NORSRAMCmd                        0x08000290   Section        0  stm32f10x_fsmc.o(i.FSMC_NORSRAMCmd)
    i.FSMC_NORSRAMInit                       0x080002b0   Section        0  stm32f10x_fsmc.o(i.FSMC_NORSRAMInit)
    i.GPIO_Init                              0x08000374   Section        0  stm32f10x_gpio.o(i.GPIO_Init)
    i.GPIO_ResetBits                         0x08000416   Section        0  stm32f10x_gpio.o(i.GPIO_ResetBits)
    i.GPIO_SetBits                           0x0800041a   Section        0  stm32f10x_gpio.o(i.GPIO_SetBits)
    i.LCD_Init                               0x08000420   Section        0  lcd_dis24.o(i.LCD_Init)
    i.LCD_RD_data                            0x08000684   Section        0  lcd_dis24.o(i.LCD_RD_data)
    i.LCD_WR_CMD                             0x08000694   Section        0  lcd_dis24.o(i.LCD_WR_CMD)
    i.LCD_test                               0x080006a4   Section        0  lcd_dis24.o(i.LCD_test)
    i.RCC_AHBPeriphClockCmd                  0x08000800   Section        0  stm32f10x_rcc.o(i.RCC_AHBPeriphClockCmd)
    i.RCC_APB2PeriphClockCmd                 0x08000818   Section        0  stm32f10x_rcc.o(i.RCC_APB2PeriphClockCmd)
    i.SetSysClockTo72                        0x08000830   Section        0  system_stm32f10x.o(i.SetSysClockTo72)
    SetSysClockTo72                          0x08000831   Thumb Code   160  system_stm32f10x.o(i.SetSysClockTo72)
    i.SystemInit                             0x080008d8   Section        0  system_stm32f10x.o(i.SystemInit)
    i.__scatterload_copy                     0x08000918   Section       14  handlers.o(i.__scatterload_copy)
    i.__scatterload_null                     0x08000926   Section        2  handlers.o(i.__scatterload_null)
    i.__scatterload_zeroinit                 0x08000928   Section       14  handlers.o(i.__scatterload_zeroinit)
    i.lcd_BGR2RGB                            0x08000936   Section        0  lcd_dis24.o(i.lcd_BGR2RGB)
    i.lcd_DrawPicture                        0x08000948   Section        0  lcd_dis24.o(i.lcd_DrawPicture)
    i.lcd_wr_zf                              0x08000a4c   Section        0  lcd_dis24.o(i.lcd_wr_zf)
    i.main                                   0x08000c04   Section        0  main.o(i.main)
    i.num_pub                                0x08000c18   Section        0  lcd_dis24.o(i.num_pub)
    .constdata                               0x08000c7c   Section    192008  pic.o(.constdata)
    .constdata                               0x0802fa84   Section       96  pic.o(.constdata)
    .constdata                               0x0802fae4   Section       96  pic.o(.constdata)
    .constdata                               0x0802fb44   Section       96  pic.o(.constdata)
    .constdata                               0x0802fba4   Section       96  pic.o(.constdata)
    .constdata                               0x0802fc04   Section       96  pic.o(.constdata)
    .constdata                               0x0802fc64   Section       96  pic.o(.constdata)
    .constdata                               0x0802fcc4   Section       96  pic.o(.constdata)
    .constdata                               0x0802fd24   Section       96  pic.o(.constdata)
    .constdata                               0x0802fd84   Section       96  pic.o(.constdata)
    .constdata                               0x0802fde4   Section       96  pic.o(.constdata)
    .constdata                               0x0802fe44   Section     1120  pic.o(.constdata)
    .constdata                               0x080302a4   Section    191208  pic.o(.constdata)
    .data                                    0x20000000   Section        4  lcd_dis24.o(.data)
    STACK                                    0x20000008   Section      512  startup_stm32f10x_hd.o(STACK)

    Global Symbols

    Symbol Name                              Value     Ov Type        Size  Object(Section)

    BuildAttributes$$THM_ISAv4$P$D$K$B$S$PE$A:L22UL41UL21$X:L11$S22US41US21$IEEE1$IW$USESV6$~STKCKD$USESV7$~SHL$OSPACE$EBA8$MICROLIB$REQ8$PRES8$EABIv2 0x00000000   Number         0  anon$$obj.o ABSOLUTE
    __ARM_use_no_argv                        0x00000000   Number         0  main.o ABSOLUTE
    __cpp_initialize__aeabi_                  - Undefined Weak Reference
    __cxa_finalize                            - Undefined Weak Reference
    __decompress                              - Undefined Weak Reference
    _clock_init                               - Undefined Weak Reference
    _microlib_exit                            - Undefined Weak Reference
    __Vectors_Size                           0x00000130   Number         0  startup_stm32f10x_hd.o ABSOLUTE
    __Vectors                                0x08000000   Data           4  startup_stm32f10x_hd.o(RESET)
    __Vectors_End                            0x08000130   Data           0  startup_stm32f10x_hd.o(RESET)
    __main                                   0x08000131   Thumb Code     0  entry.o(.ARM.Collect$$$$00000000)
    _main_stk                                0x08000131   Thumb Code     0  entry2.o(.ARM.Collect$$$$00000001)
    _main_scatterload                        0x08000135   Thumb Code     0  entry5.o(.ARM.Collect$$$$00000004)
    __main_after_scatterload                 0x08000139   Thumb Code     0  entry5.o(.ARM.Collect$$$$00000004)
    _main_clock                              0x08000139   Thumb Code     0  entry7b.o(.ARM.Collect$$$$00000008)
    _main_cpp_init                           0x08000139   Thumb Code     0  entry8b.o(.ARM.Collect$$$$0000000A)
    _main_init                               0x08000139   Thumb Code     0  entry9a.o(.ARM.Collect$$$$0000000B)
    __rt_final_cpp                           0x08000141   Thumb Code     0  entry10a.o(.ARM.Collect$$$$0000000D)
    __rt_final_exit                          0x08000141   Thumb Code     0  entry11a.o(.ARM.Collect$$$$0000000F)
    SystemInit_ExtMemCtl                     0x08000145   Thumb Code     2  startup_stm32f10x_hd.o(.text)
    Reset_Handler                            0x08000147   Thumb Code    14  startup_stm32f10x_hd.o(.text)
    NMI_Handler                              0x08000155   Thumb Code     2  startup_stm32f10x_hd.o(.text)
    HardFault_Handler                        0x08000157   Thumb Code     2  startup_stm32f10x_hd.o(.text)
    MemManage_Handler                        0x08000159   Thumb Code     2  startup_stm32f10x_hd.o(.text)
    BusFault_Handler                         0x0800015b   Thumb Code     2  startup_stm32f10x_hd.o(.text)
    UsageFault_Handler                       0x0800015d   Thumb Code     2  startup_stm32f10x_hd.o(.text)
    SVC_Handler                              0x0800015f   Thumb Code     2  startup_stm32f10x_hd.o(.text)
    DebugMon_Handler                         0x08000161   Thumb Code     2  startup_stm32f10x_hd.o(.text)
    PendSV_Handler                           0x08000163   Thumb Code     2  startup_stm32f10x_hd.o(.text)
    SysTick_Handler                          0x08000165   Thumb Code     2  startup_stm32f10x_hd.o(.text)
    ADC1_2_IRQHandler                        0x08000167   Thumb Code     0  startup_stm32f10x_hd.o(.text)
    ADC3_IRQHandler                          0x08000167   Thumb Code     0  startup_stm32f10x_hd.o(.text)
    CAN1_RX1_IRQHandler                      0x08000167   Thumb Code     0  startup_stm32f10x_hd.o(.text)
    CAN1_SCE_IRQHandler                      0x08000167   Thumb Code     0  startup_stm32f10x_hd.o(.text)
    DMA1_Channel1_IRQHandler                 0x08000167   Thumb Code     0  startup_stm32f10x_hd.o(.text)
    DMA1_Channel2_IRQHandler                 0x08000167   Thumb Code     0  startup_stm32f10x_hd.o(.text)
    DMA1_Channel3_IRQHandler                 0x08000167   Thumb Code     0  startup_stm32f10x_hd.o(.text)
    DMA1_Channel4_IRQHandler                 0x08000167   Thumb Code     0  startup_stm32f10x_hd.o(.text)
    DMA1_Channel5_IRQHandler                 0x08000167   Thumb Code     0  startup_stm32f10x_hd.o(.text)
    DMA1_Channel6_IRQHandler                 0x08000167   Thumb Code     0  startup_stm32f10x_hd.o(.text)
    DMA1_Channel7_IRQHandler                 0x08000167   Thumb Code     0  startup_stm32f10x_hd.o(.text)
    DMA2_Channel1_IRQHandler                 0x08000167   Thumb Code     0  startup_stm32f10x_hd.o(.text)
    DMA2_Channel2_IRQHandler                 0x08000167   Thumb Code     0  startup_stm32f10x_hd.o(.text)
    DMA2_Channel3_IRQHandler                 0x08000167   Thumb Code     0  startup_stm32f10x_hd.o(.text)
    DMA2_Channel4_5_IRQHandler               0x08000167   Thumb Code     0  startup_stm32f10x_hd.o(.text)
    EXTI0_IRQHandler                         0x08000167   Thumb Code     0  startup_stm32f10x_hd.o(.text)
    EXTI15_10_IRQHandler                     0x08000167   Thumb Code     0  startup_stm32f10x_hd.o(.text)
    EXTI1_IRQHandler                         0x08000167   Thumb Code     0  startup_stm32f10x_hd.o(.text)
    EXTI2_IRQHandler                         0x08000167   Thumb Code     0  startup_stm32f10x_hd.o(.text)
    EXTI3_IRQHandler                         0x08000167   Thumb Code     0  startup_stm32f10x_hd.o(.text)
    EXTI4_IRQHandler                         0x08000167   Thumb Code     0  startup_stm32f10x_hd.o(.text)
    EXTI9_5_IRQHandler                       0x08000167   Thumb Code     0  startup_stm32f10x_hd.o(.text)
    FLASH_IRQHandler                         0x08000167   Thumb Code     0  startup_stm32f10x_hd.o(.text)
    FSMC_IRQHandler                          0x08000167   Thumb Code     0  startup_stm32f10x_hd.o(.text)
    I2C1_ER_IRQHandler                       0x08000167   Thumb Code     0  startup_stm32f10x_hd.o(.text)
    I2C1_EV_IRQHandler                       0x08000167   Thumb Code     0  startup_stm32f10x_hd.o(.text)
    I2C2_ER_IRQHandler                       0x08000167   Thumb Code     0  startup_stm32f10x_hd.o(.text)
    I2C2_EV_IRQHandler                       0x08000167   Thumb Code     0  startup_stm32f10x_hd.o(.text)
    PVD_IRQHandler                           0x08000167   Thumb Code     0  startup_stm32f10x_hd.o(.text)
    RCC_IRQHandler                           0x08000167   Thumb Code     0  startup_stm32f10x_hd.o(.text)
    RTCAlarm_IRQHandler                      0x08000167   Thumb Code     0  startup_stm32f10x_hd.o(.text)
    RTC_IRQHandler                           0x08000167   Thumb Code     0  startup_stm32f10x_hd.o(.text)
    SDIO_IRQHandler                          0x08000167   Thumb Code     0  startup_stm32f10x_hd.o(.text)
    SPI1_IRQHandler                          0x08000167   Thumb Code     0  startup_stm32f10x_hd.o(.text)
    SPI2_IRQHandler                          0x08000167   Thumb Code     0  startup_stm32f10x_hd.o(.text)
    SPI3_IRQHandler                          0x08000167   Thumb Code     0  startup_stm32f10x_hd.o(.text)
    TAMPER_IRQHandler                        0x08000167   Thumb Code     0  startup_stm32f10x_hd.o(.text)
    TIM1_BRK_IRQHandler                      0x08000167   Thumb Code     0  startup_stm32f10x_hd.o(.text)
    TIM1_CC_IRQHandler                       0x08000167   Thumb Code     0  startup_stm32f10x_hd.o(.text)
    TIM1_TRG_COM_IRQHandler                  0x08000167   Thumb Code     0  startup_stm32f10x_hd.o(.text)
    TIM1_UP_IRQHandler                       0x08000167   Thumb Code     0  startup_stm32f10x_hd.o(.text)
    TIM2_IRQHandler                          0x08000167   Thumb Code     0  startup_stm32f10x_hd.o(.text)
    TIM3_IRQHandler                          0x08000167   Thumb Code     0  startup_stm32f10x_hd.o(.text)
    TIM4_IRQHandler                          0x08000167   Thumb Code     0  startup_stm32f10x_hd.o(.text)
    TIM5_IRQHandler                          0x08000167   Thumb Code     0  startup_stm32f10x_hd.o(.text)
    TIM6_IRQHandler                          0x08000167   Thumb Code     0  startup_stm32f10x_hd.o(.text)
    TIM7_IRQHandler                          0x08000167   Thumb Code     0  startup_stm32f10x_hd.o(.text)
    TIM8_BRK_IRQHandler                      0x08000167   Thumb Code     0  startup_stm32f10x_hd.o(.text)
    TIM8_CC_IRQHandler                       0x08000167   Thumb Code     0  startup_stm32f10x_hd.o(.text)
    TIM8_TRG_COM_IRQHandler                  0x08000167   Thumb Code     0  startup_stm32f10x_hd.o(.text)
    TIM8_UP_IRQHandler                       0x08000167   Thumb Code     0  startup_stm32f10x_hd.o(.text)
    UART4_IRQHandler                         0x08000167   Thumb Code     0  startup_stm32f10x_hd.o(.text)
    UART5_IRQHandler                         0x08000167   Thumb Code     0  startup_stm32f10x_hd.o(.text)
    USART1_IRQHandler                        0x08000167   Thumb Code     0  startup_stm32f10x_hd.o(.text)
    USART2_IRQHandler                        0x08000167   Thumb Code     0  startup_stm32f10x_hd.o(.text)
    USART3_IRQHandler                        0x08000167   Thumb Code     0  startup_stm32f10x_hd.o(.text)
    USBWakeUp_IRQHandler                     0x08000167   Thumb Code     0  startup_stm32f10x_hd.o(.text)
    USB_HP_CAN1_TX_IRQHandler                0x08000167   Thumb Code     0  startup_stm32f10x_hd.o(.text)
    USB_LP_CAN1_RX0_IRQHandler               0x08000167   Thumb Code     0  startup_stm32f10x_hd.o(.text)
    WWDG_IRQHandler                          0x08000167   Thumb Code     0  startup_stm32f10x_hd.o(.text)
    __scatterload                            0x08000175   Thumb Code    28  init.o(.text)
    __scatterload_rt2                        0x08000175   Thumb Code     0  init.o(.text)
    Delay                                    0x08000199   Thumb Code    16  main.o(i.Delay)
    FSMC_LCD_Init                            0x080001a9   Thumb Code   224  main.o(i.FSMC_LCD_Init)
    FSMC_NORSRAMCmd                          0x08000291   Thumb Code    26  stm32f10x_fsmc.o(i.FSMC_NORSRAMCmd)
    FSMC_NORSRAMInit                         0x080002b1   Thumb Code   196  stm32f10x_fsmc.o(i.FSMC_NORSRAMInit)
    GPIO_Init                                0x08000375   Thumb Code   162  stm32f10x_gpio.o(i.GPIO_Init)
    GPIO_ResetBits                           0x08000417   Thumb Code     4  stm32f10x_gpio.o(i.GPIO_ResetBits)
    GPIO_SetBits                             0x0800041b   Thumb Code     4  stm32f10x_gpio.o(i.GPIO_SetBits)
    LCD_Init                                 0x08000421   Thumb Code   592  lcd_dis24.o(i.LCD_Init)
    LCD_RD_data                              0x08000685   Thumb Code    10  lcd_dis24.o(i.LCD_RD_data)
    LCD_WR_CMD                               0x08000695   Thumb Code    12  lcd_dis24.o(i.LCD_WR_CMD)
    LCD_test                                 0x080006a5   Thumb Code   324  lcd_dis24.o(i.LCD_test)
    RCC_AHBPeriphClockCmd                    0x08000801   Thumb Code    18  stm32f10x_rcc.o(i.RCC_AHBPeriphClockCmd)
    RCC_APB2PeriphClockCmd                   0x08000819   Thumb Code    18  stm32f10x_rcc.o(i.RCC_APB2PeriphClockCmd)
    SystemInit                               0x080008d9   Thumb Code    52  system_stm32f10x.o(i.SystemInit)
    __scatterload_copy                       0x08000919   Thumb Code    14  handlers.o(i.__scatterload_copy)
    __scatterload_null                       0x08000927   Thumb Code     2  handlers.o(i.__scatterload_null)
    __scatterload_zeroinit                   0x08000929   Thumb Code    14  handlers.o(i.__scatterload_zeroinit)
    lcd_BGR2RGB                              0x08000937   Thumb Code    18  lcd_dis24.o(i.lcd_BGR2RGB)
    lcd_DrawPicture                          0x08000949   Thumb Code   254  lcd_dis24.o(i.lcd_DrawPicture)
    lcd_wr_zf                                0x08000a4d   Thumb Code   436  lcd_dis24.o(i.lcd_wr_zf)
    main                                     0x08000c05   Thumb Code    18  main.o(i.main)
    num_pub                                  0x08000c19   Thumb Code    58  lcd_dis24.o(i.num_pub)
    a1                                       0x08000c7c   Data       192008  pic.o(.constdata)
    zm0                                      0x0802fa84   Data          96  pic.o(.constdata)
    zm1                                      0x0802fae4   Data          96  pic.o(.constdata)
    zm2                                      0x0802fb44   Data          96  pic.o(.constdata)
    zm3                                      0x0802fba4   Data          96  pic.o(.constdata)
    zm4                                      0x0802fc04   Data          96  pic.o(.constdata)
    zm5                                      0x0802fc64   Data          96  pic.o(.constdata)
    zm6                                      0x0802fcc4   Data          96  pic.o(.constdata)
    zm7                                      0x0802fd24   Data          96  pic.o(.constdata)
    zm8                                      0x0802fd84   Data          96  pic.o(.constdata)
    zm9                                      0x0802fde4   Data          96  pic.o(.constdata)
    zf3                                      0x0802fe44   Data        1120  pic.o(.constdata)
    a2                                       0x080302a4   Data       191208  pic.o(.constdata)
    Region$$Table$$Base                      0x0805ed8c   Number         0  anon$$obj.o(Region$$Table)
    Region$$Table$$Limit                     0x0805edac   Number         0  anon$$obj.o(Region$$Table)
    color1                                   0x20000000   Data           4  lcd_dis24.o(.data)
    __initial_sp                             0x20000208   Data           0  startup_stm32f10x_hd.o(STACK)



==============================================================================

Memory Map of the image

  Image Entry point : 0x08000131

  Load Region LR_IROM1 (Base: 0x08000000, Size: 0x0005edb0, Max: 0x00080000, ABSOLUTE)

    Execution Region ER_IROM1 (Base: 0x08000000, Size: 0x0005edac, Max: 0x00080000, ABSOLUTE)

    Base Addr    Size         Type   Attr      Idx    E Section Name        Object

    0x08000000   0x00000130   Data   RO          587    RESET               startup_stm32f10x_hd.o
    0x08000130   0x00000000   Code   RO          639  * .ARM.Collect$$$$00000000  mc_w.l(entry.o)
    0x08000130   0x00000004   Code   RO          642    .ARM.Collect$$$$00000001  mc_w.l(entry2.o)
    0x08000134   0x00000004   Code   RO          645    .ARM.Collect$$$$00000004  mc_w.l(entry5.o)
    0x08000138   0x00000000   Code   RO          647    .ARM.Collect$$$$00000008  mc_w.l(entry7b.o)
    0x08000138   0x00000000   Code   RO          649    .ARM.Collect$$$$0000000A  mc_w.l(entry8b.o)
    0x08000138   0x00000008   Code   RO          650    .ARM.Collect$$$$0000000B  mc_w.l(entry9a.o)
    0x08000140   0x00000000   Code   RO          652    .ARM.Collect$$$$0000000D  mc_w.l(entry10a.o)
    0x08000140   0x00000000   Code   RO          654    .ARM.Collect$$$$0000000F  mc_w.l(entry11a.o)
    0x08000140   0x00000004   Code   RO          643    .ARM.Collect$$$$00002712  mc_w.l(entry2.o)
    0x08000144   0x00000030   Code   RO          588    .text               startup_stm32f10x_hd.o
    0x08000174   0x00000024   Code   RO          656    .text               mc_w.l(init.o)
    0x08000198   0x00000010   Code   RO           94    i.Delay             main.o
    0x080001a8   0x000000e8   Code   RO           95    i.FSMC_LCD_Init     main.o
    0x08000290   0x00000020   Code   RO          162    i.FSMC_NORSRAMCmd   stm32f10x_fsmc.o
    0x080002b0   0x000000c4   Code   RO          164    i.FSMC_NORSRAMInit  stm32f10x_fsmc.o
    0x08000374   0x000000a2   Code   RO          277    i.GPIO_Init         stm32f10x_gpio.o
    0x08000416   0x00000004   Code   RO          284    i.GPIO_ResetBits    stm32f10x_gpio.o
    0x0800041a   0x00000004   Code   RO          285    i.GPIO_SetBits      stm32f10x_gpio.o
    0x0800041e   0x00000002   PAD
    0x08000420   0x00000264   Code   RO            1    i.LCD_Init          lcd_dis24.o
    0x08000684   0x00000010   Code   RO            2    i.LCD_RD_data       lcd_dis24.o
    0x08000694   0x00000010   Code   RO            3    i.LCD_WR_CMD        lcd_dis24.o
    0x080006a4   0x0000015c   Code   RO            6    i.LCD_test          lcd_dis24.o
    0x08000800   0x00000018   Code   RO          386    i.RCC_AHBPeriphClockCmd  stm32f10x_rcc.o
    0x08000818   0x00000018   Code   RO          389    i.RCC_APB2PeriphClockCmd  stm32f10x_rcc.o
    0x08000830   0x000000a8   Code   RO          603    i.SetSysClockTo72   system_stm32f10x.o
    0x080008d8   0x00000040   Code   RO          605    i.SystemInit        system_stm32f10x.o
    0x08000918   0x0000000e   Code   RO          660    i.__scatterload_copy  mc_w.l(handlers.o)
    0x08000926   0x00000002   Code   RO          661    i.__scatterload_null  mc_w.l(handlers.o)
    0x08000928   0x0000000e   Code   RO          662    i.__scatterload_zeroinit  mc_w.l(handlers.o)
    0x08000936   0x00000012   Code   RO            7    i.lcd_BGR2RGB       lcd_dis24.o
    0x08000948   0x00000104   Code   RO            8    i.lcd_DrawPicture   lcd_dis24.o
    0x08000a4c   0x000001b8   Code   RO            9    i.lcd_wr_zf         lcd_dis24.o
    0x08000c04   0x00000012   Code   RO           98    i.main              main.o
    0x08000c16   0x00000002   PAD
    0x08000c18   0x00000064   Code   RO           10    i.num_pub           lcd_dis24.o
    0x08000c7c   0x0002ee08   Data   RO          132    .constdata          pic.o
    0x0802fa84   0x00000060   Data   RO          133    .constdata          pic.o
    0x0802fae4   0x00000060   Data   RO          134    .constdata          pic.o
    0x0802fb44   0x00000060   Data   RO          135    .constdata          pic.o
    0x0802fba4   0x00000060   Data   RO          136    .constdata          pic.o
    0x0802fc04   0x00000060   Data   RO          137    .constdata          pic.o
    0x0802fc64   0x00000060   Data   RO          138    .constdata          pic.o
    0x0802fcc4   0x00000060   Data   RO          139    .constdata          pic.o
    0x0802fd24   0x00000060   Data   RO          140    .constdata          pic.o
    0x0802fd84   0x00000060   Data   RO          141    .constdata          pic.o
    0x0802fde4   0x00000060   Data   RO          142    .constdata          pic.o
    0x0802fe44   0x00000460   Data   RO          143    .constdata          pic.o
    0x080302a4   0x0002eae8   Data   RO          144    .constdata          pic.o
    0x0805ed8c   0x00000020   Data   RO          658    Region$$Table       anon$$obj.o


    Execution Region RW_IRAM1 (Base: 0x20000000, Size: 0x00000208, Max: 0x00010000, ABSOLUTE)

    Base Addr    Size         Type   Attr      Idx    E Section Name        Object

    0x20000000   0x00000004   Data   RW           11    .data               lcd_dis24.o
    0x20000004   0x00000004   PAD
    0x20000008   0x00000200   Zero   RW          585    STACK               startup_stm32f10x_hd.o


==============================================================================

Image component sizes


      Code (inc. data)   RO Data    RW Data    ZI Data      Debug   Object Name

      1810        116          0          4          0     222564   lcd_dis24.o
       266          8          0          0          0       9761   main.o
         0          0     385296          0          0        884   pic.o
        48         12        304          0        512        892   startup_stm32f10x_hd.o
       228          6          0          0          0       1821   stm32f10x_fsmc.o
       170          0          0          0          0       2772   stm32f10x_gpio.o
        48         12          0          0          0       1097   stm32f10x_rcc.o
       232         20          0          0          0       1541   system_stm32f10x.o

    ----------------------------------------------------------------------
      2806        174     385632          4        516     241332   Object Totals
         0          0         32          0          0          0   (incl. Generated)
         4          0          0          0          4          0   (incl. Padding)

    ----------------------------------------------------------------------

      Code (inc. data)   RO Data    RW Data    ZI Data      Debug   Library Member Name

         0          0          0          0          0          0   entry.o
         0          0          0          0          0          0   entry10a.o
         0          0          0          0          0          0   entry11a.o
         8          4          0          0          0          0   entry2.o
         4          0          0          0          0          0   entry5.o
         0          0          0          0          0          0   entry7b.o
         0          0          0          0          0          0   entry8b.o
         8          4          0          0          0          0   entry9a.o
        30          0          0          0          0          0   handlers.o
        36          8          0          0          0         68   init.o

    ----------------------------------------------------------------------
        86         16          0          0          0         68   Library Totals
         0          0          0          0          0          0   (incl. Padding)

    ----------------------------------------------------------------------

      Code (inc. data)   RO Data    RW Data    ZI Data      Debug   Library Name

        86         16          0          0          0         68   mc_w.l

    ----------------------------------------------------------------------
        86         16          0          0          0         68   Library Totals

    ----------------------------------------------------------------------

==============================================================================


      Code (inc. data)   RO Data    RW Data    ZI Data      Debug   

      2892        190     385632          4        516     240824   Grand Totals
      2892        190     385632          4        516     240824   ELF Image Totals
      2892        190     385632          4          0          0   ROM Totals

==============================================================================

    Total RO  Size (Code + RO Data)               388524 ( 379.42kB)
    Total RW  Size (RW Data + ZI Data)               520 (   0.51kB)
    Total ROM Size (Code + RO Data + RW Data)     388528 ( 379.42kB)

==============================================================================

