<html>
<body>
<pre>
<h1>礦ision Build Log</h1>
<h2>Tool Versions:</h2>
IDE-Version: μVision V5.14.0.0
Copyright (C) 2015 ARM Ltd and ARM Germany GmbH. All rights reserved.
License Information: JUN WANG, Zhejiang University, LIC=UJWP0-BQ47Q-UH88H-WBQJ8-UAXNC-5SDJE
 
Tool Versions:
Toolchain:       MDK-ARM Standard  Version: 5.14.0.0
Toolchain Path:  C:\Keil_v5\ARM\ARMCC\Bin
C Compiler:      Armcc.exe V5.05 update 1 (build 106)
Assembler:       Armasm.exe V5.05 update 1 (build 106)
Linker/Locator:  ArmLink.exe V5.05 update 1 (build 106)
Library Manager: ArmAr.exe V5.05 update 1 (build 106)
Hex Converter:   FromElf.exe V5.05 update 1 (build 106)
CPU DLL:         SARMCM3.DLL V5.14.0.0
Dialog DLL:      DCM.DLL V1.13.1.0
Target DLL:      STLink\ST-LINKIII-KEIL_SWO.dll V2.0.14.0_KEIL
Dialog DLL:      TCM.DLL V1.14.4.0
 
<h2>Project:</h2>
\\Mac\Home\Desktop\嵌入式系统\实验\实验3\例程\STM32奋斗板-ADC\STM32-FD-ADC.uvprojx
Project File Date:  05/31/2020

<h2>Output:</h2>
Rebuild target 'STM32-FD-ADC'
assembling startup_stm32f10x_hd.s...
creating preprocessor file for main.c...
compiling main.c...
creating preprocessor file for misc.c...
compiling misc.c...
creating preprocessor file for stm32f10x_adc.c...
compiling stm32f10x_adc.c...
creating preprocessor file for stm32f10x_dma.c...
compiling stm32f10x_dma.c...
creating preprocessor file for stm32f10x_gpio.c...
compiling stm32f10x_gpio.c...
creating preprocessor file for stm32f10x_rcc.c...
compiling stm32f10x_rcc.c...
creating preprocessor file for stm32f10x_usart.c...
compiling stm32f10x_usart.c...
creating preprocessor file for core_cm3.c...
compiling core_cm3.c...
creating preprocessor file for system_stm32f10x.c...
compiling system_stm32f10x.c...
linking...
Program Size: Code=2456 RO-data=336 RW-data=28 ZI-data=1028  
FromELF: creating hex file...
".\obj\STM32-FD-ADC.axf" - 0 Error(s), 0 Warning(s).

<h2>Collection of Component include folders:</h2>
  \\Mac\Home\Desktop\嵌入式系统\实验\实验3\例程\STM32奋斗板-ADC\RTE
  C:\Keil_v5\ARM\PACK\Keil\STM32F1xx_DFP\1.0.5\Device\Include

<h2>Collection of Component Files used:</h2>
</pre>
</body>
</html>
