<html>
<body>
<pre>
<h1>礦ision Build Log</h1>
<h2>Tool Versions:</h2>
IDE-Version: μVision V5.14.0.0
Copyright (C) 2015 ARM Ltd and ARM Germany GmbH. All rights reserved.
License Information: xue51 ai, ZJU, LIC=8MZ56-DZH1Z-LTK3E-5T3Z0-5QI6I-YH058
 
Tool Versions:
Toolchain:       MDK-ARM Professional  Version: 5.14.0.0
Toolchain Path:  D:\Keil_v5\ARM\ARMCC\Bin
C Compiler:      Armcc.exe V5.05 update 1 (build 106)
Assembler:       Armasm.exe V5.05 update 1 (build 106)
Linker/Locator:  ArmLink.exe V5.05 update 1 (build 106)
Library Manager: ArmAr.exe V5.05 update 1 (build 106)
Hex Converter:   FromElf.exe V5.05 update 1 (build 106)
CPU DLL:         SARMCM3.DLL V5.14.0.0
Dialog DLL:      DCM.DLL V1.13.1.0
Target DLL:      STLink\ST-LINKIII-KEIL_SWO.dll V2.0.14.0_KEIL
Dialog DLL:      TCM.DLL V1.14.4.0
 
<h2>Project:</h2>
C:\Users\NRical\Desktop\嵌入式系统\实验\实验3\例程\STM32奋斗板-JY901\STM32-FD-JY901.uvprojx
Project File Date:  05/31/2020

<h2>Output:</h2>
Rebuild target 'STM32-USART1'
compiling stm32f10x_it.c...
compiling main.c...
user\main.c(137): warning:  #167-D: argument of type "char *" is incompatible with parameter of type "uint8_t *"
                USART_OUT(USART1,str1);
user\main.c(138): warning:  #167-D: argument of type "char *" is incompatible with parameter of type "uint8_t *"
                USART_OUT(USART1,str2);
user\main.c(139): warning:  #167-D: argument of type "char *" is incompatible with parameter of type "uint8_t *"
                USART_OUT(USART1,str3);
user\main.c(140): warning:  #167-D: argument of type "char *" is incompatible with parameter of type "uint8_t *"
                USART_OUT(USART1,str4);         
user\main.c: 4 warnings, 0 errors
compiling misc.c...
compiling stm32f10x_gpio.c...
compiling stm32f10x_rcc.c...
compiling stm32f10x_usart.c...
assembling startup_stm32f10x_hd.s...
compiling core_cm3.c...
compiling system_stm32f10x.c...
linking...
Program Size: Code=6484 RO-data=336 RW-data=312 ZI-data=1040  
FromELF: creating hex file...
".\Obj\STM32_FD_USART1.axf" - 0 Error(s), 4 Warning(s).

<h2>Collection of Component include folders:</h2>
  C:\Users\NRical\Desktop\嵌入式系统\实验\实验3\例程\STM32奋斗板-JY901\RTE
  D:\Keil_v5\ARM\PACK\Keil\STM32F1xx_DFP\1.0.5\Device\Include

<h2>Collection of Component Files used:</h2>
</pre>
</body>
</html>
