<html>
<body>
<pre>
<h1>礦ision Build Log</h1>
<h2>Tool Versions:</h2>
IDE-Version: μVision V5.14.0.0
Copyright (C) 2015 ARM Ltd and ARM Germany GmbH. All rights reserved.
License Information: JUN WANG, Zhejiang University, LIC=UJWP0-BQ47Q-UH88H-WBQJ8-UAXNC-5SDJE
 
Tool Versions:
Toolchain:       MDK-ARM Standard  Version: 5.14.0.0
Toolchain Path:  C:\Keil_v5\ARM\ARMCC\Bin
C Compiler:      Armcc.exe V5.05 update 1 (build 106)
Assembler:       Armasm.exe V5.05 update 1 (build 106)
Linker/Locator:  ArmLink.exe V5.05 update 1 (build 106)
Library Manager: ArmAr.exe V5.05 update 1 (build 106)
Hex Converter:   FromElf.exe V5.05 update 1 (build 106)
CPU DLL:         SARMCM3.DLL V5.14.0.0
Dialog DLL:      DCM.DLL V1.13.1.0
Target DLL:      STLink\ST-LINKIII-KEIL_SWO.dll V2.0.14.0_KEIL
Dialog DLL:      TCM.DLL V1.14.4.0
 
<h2>Project:</h2>
\\Mac\Home\Desktop\嵌入式系统\实验\实验4\4\APP\STM32-FD-ucgui.uvprojx
Project File Date:  06/15/2020

<h2>Output:</h2>
Rebuild target 'Flash'
assembling stm32f10x_startup.s...
compiling app.c...
demo.h(40): warning:  #1-D: last line of file ends without a newline
  EXT unsigned char ADC_STR2[5];            //ADC1 通道10的整数转字符串变量。 
app.c(231): warning:  #167-D: argument of type "unsigned char *" is incompatible with parameter of type "char *"
        itoa((ADC_ConvertedValue[40]+ADC_ConvertedValue[42])/2, ADC_STR1,10);             //ADC1通道10的数值转为字符串 
app.c: 2 warnings, 0 errors
compiling stm32f10x_it.c...
demo.h(40): warning:  #1-D: last line of file ends without a newline
  EXT unsigned char ADC_STR2[5];            //ADC1 通道10的整数转字符串变量。 
stm32f10x_it.c: 1 warning, 0 errors
compiling Fun.c...
demo.h(40): warning:  #1-D: last line of file ends without a newline
  EXT unsigned char ADC_STR2[5];            //ADC1 通道10的整数转字符串变量。 
Fun.c(170): warning:  #167-D: argument of type "unsigned char *" is incompatible with parameter of type "const char *"
                TEXT_SetText(text5,ADC_STR1);     
Fun.c(106): warning:  #177-D: variable "edit_cur" was declared but never referenced
    unsigned char edit_cur;
Fun.c: 3 warnings, 0 errors
compiling bsp.c...
..\APP\demo.h(40): warning:  #1-D: last line of file ends without a newline
  EXT unsigned char ADC_STR2[5];            //ADC1 通道10的整数转字符串变量。 
..\BSP\bsp.c: 1 warning, 0 errors
compiling misc.c...
compiling stm32f10x_fsmc.c...
compiling stm32f10x_gpio.c...
compiling stm32f10x_rcc.c...
compiling stm32f10x_spi.c...
compiling stm32f10x_exti.c...
compiling stm32f10x_usart.c...
compiling stm32f10x_tim.c...
compiling stm32f10x_adc.c...
compiling stm32f10x_dma.c...
compiling os_cpu_c.c...
compiling os_dbg.c...
assembling os_cpu_a.asm...
assembling cpu_a.asm...
compiling os_core.c...
compiling os_flag.c...
compiling os_mbox.c...
compiling os_mem.c...
compiling os_mutex.c...
compiling os_q.c...
compiling os_sem.c...
compiling os_task.c...
compiling os_time.c...
compiling os_tmr.c...
compiling GUI_X_Touch.c...
compiling GUI_X_uCOS.c...
compiling fsmc_sram.c...
compiling lcd.c...
compiling lcd_api.c...
compiling lcd_ucgui.c...
compiling lcdrv.c...
..\TFT\lcdrv.c(124): warning:  #177-D: variable "i" was declared but never referenced
  {     unsigned int i;   
..\TFT\lcdrv.c: 1 warning, 0 errors
compiling core_cm3.c...
compiling system_stm32f10x.c...
compiling SimSun_13.c...
linking...
Program Size: Code=47956 RO-data=31124 RW-data=484 ZI-data=22892  
FromELF: creating hex file...
"..\ObjFlash\STM32-FD-ucgui.axf" - 0 Error(s), 8 Warning(s).

<h2>Collection of Component include folders:</h2>
  \\Mac\Home\Desktop\嵌入式系统\实验\实验4\4\APP\RTE
  C:\Keil_v5\ARM\PACK\Keil\STM32F1xx_DFP\1.0.5\Device\Include

<h2>Collection of Component Files used:</h2>
</pre>
</body>
</html>
