<html>
<body>
<pre>
<h1>礦ision Build Log</h1>
<h2>Tool Versions:</h2>
IDE-Version: μVision V5.14.0.0
Copyright (C) 2015 ARM Ltd and ARM Germany GmbH. All rights reserved.
License Information: JUN WANG, Zhejiang University, LIC=UJWP0-BQ47Q-UH88H-WBQJ8-UAXNC-5SDJE
 
Tool Versions:
Toolchain:       MDK-ARM Standard  Version: 5.14.0.0
Toolchain Path:  C:\Keil_v5\ARM\ARMCC\Bin
C Compiler:      Armcc.exe V5.05 update 1 (build 106)
Assembler:       Armasm.exe V5.05 update 1 (build 106)
Linker/Locator:  ArmLink.exe V5.05 update 1 (build 106)
Library Manager: ArmAr.exe V5.05 update 1 (build 106)
Hex Converter:   FromElf.exe V5.05 update 1 (build 106)
CPU DLL:         SARMCM3.DLL V5.14.0.0
Dialog DLL:      DCM.DLL V1.13.1.0
Target DLL:      STLink\ST-LINKIII-KEIL_SWO.dll V2.0.14.0_KEIL
Dialog DLL:      TCM.DLL V1.14.4.0
 
<h2>Project:</h2>
\\Mac\Home\Desktop\嵌入式系统\实验\实验3\例程\STM32奋斗板-FSMC-TFT\STM32-LCD-TFT.uvprojx
Project File Date:  06/02/2020

<h2>Output:</h2>
Rebuild target 'STM32-FD-TFT'
compiling lcd_dis24.c...
user\lcd_dis24.c(299): warning:  #177-D: variable "R_dis_mem" was declared but never referenced
  {     unsigned int temp=0,num,R_dis_mem=0,Size=0,x=0,y=0,i=0;
user\lcd_dis24.c(383): warning:  #177-D: variable "p" was declared but never referenced
        unsigned char *p;
user\lcd_dis24.c: 2 warnings, 0 errors
compiling main.c...
compiling pic.c...
user\pic.c(24389): warning:  #1-D: last line of file ends without a newline
  };
user\pic.c: 1 warning, 0 errors
compiling stm32f10x_fsmc.c...
compiling stm32f10x_gpio.c...
compiling stm32f10x_rcc.c...
assembling startup_stm32f10x_hd.s...
compiling core_cm3.c...
compiling system_stm32f10x.c...
linking...
Program Size: Code=2310 RO-data=385922 RW-data=4 ZI-data=516  
FromELF: creating hex file...
".\Obj\STM32_FD_USART.axf" - 0 Error(s), 3 Warning(s).

<h2>Collection of Component include folders:</h2>
  \\Mac\Home\Desktop\嵌入式系统\实验\实验3\例程\STM32奋斗板-FSMC-TFT\RTE
  C:\Keil_v5\ARM\PACK\Keil\STM32F1xx_DFP\1.0.5\Device\Include

<h2>Collection of Component Files used:</h2>
</pre>
</body>
</html>
